2024-06-18T11:02:25.331Z  +1842ms [debug] Config loaded {"version":"2.25.6","cdkVersion":"2.95.1","constructsVersion":"10.2.69","config":{"name":"profi-shsst","region":"us-east-1","stage":"chakay","ssmPrefix":"/sst/profi-shsst/chakay/"},"metafile":{"inputs":{"sst.config.ts":{"bytes":223,"imports":[{"path":"sst/constructs","kind":"import-statement","external":true}],"format":"esm"}},"outputs":{".sst.config.1718708543502.mjs":{"imports":[{"path":"sst/constructs","kind":"import-statement","external":true}],"exports":["default"],"entryPoint":"sst.config.ts","inputs":{"sst.config.ts":{"bytesInOutput":151}},"bytes":333}}},"paths":{"config":"/home/chakay/Documents/GitHub/profi-sh/sst.config.ts","root":"/home/chakay/Documents/GitHub/profi-sh","out":"/home/chakay/Documents/GitHub/profi-sh/.sst","artifacts":"/home/chakay/Documents/GitHub/profi-sh/.sst/artifacts"}}
2024-06-18T11:02:26.320Z   +989ms [debug] Using AWS profile 
2024-06-18T11:02:26.368Z    +48ms [debug] Created AWS client IoTClient
2024-06-18T11:02:26.368Z     +0ms [debug] Getting IoT endpoint
2024-06-18T11:02:26.756Z   +388ms [debug] Using IoT endpoint: a2gukw0kj78dyo-ats.iot.us-east-1.amazonaws.com
2024-06-18T11:02:26.756Z     +0ms [debug] Initializing bootstrap context
2024-06-18T11:02:26.757Z     +1ms [debug] Created AWS client CloudFormationClient
2024-06-18T11:02:27.366Z   +609ms [debug] Loaded bootstrap status
2024-06-18T11:02:27.366Z     +0ms [debug] Bootstrap context initialized {"status":"ready","version":"7.3","bucket":"sstbootstrap-useast124d14e4b-7lpz19xy7rtj"}
2024-06-18T11:02:27.367Z     +1ms [debug] Created AWS client S3Client
2024-06-18T11:02:27.421Z    +54ms [debug] Synthesizing stacks...
2024-06-18T11:02:27.428Z     +7ms [debug] Created AWS client STSClient
2024-06-18T11:02:27.885Z   +457ms [debug] Using identity Account: 448400283798 User: AIDAWQZV5LCLNOVFPNGYF
2024-06-18T11:02:27.997Z   +112ms [debug] Generating types in /home/chakay/Documents/GitHub/profi-sh/.sst/types
2024-06-18T11:02:27.999Z     +2ms [debug] Running 1 deferred tasks with concurrency: 7
2024-06-18T11:02:28.110Z   +111ms [debug] 
2024-06-18T11:02:28.110Z     +0ms [debug] Loading v2 AWS SDK
2024-06-18T11:02:28.110Z     +0ms [debug] Finished synthesizing
2024-06-18T11:02:28.385Z   +275ms [debug] IoT connected
2024-06-18T11:02:28.503Z   +118ms [debug] Fetching metadata for stack chakay-profi-shsst-Site failed {"name":"NoSuchKey","$fault":"client","$metadata":{"httpStatusCode":404,"requestId":"X7P39C6EPZXAWP3S","extendedRequestId":"ySqmc5YGndqmWzzW3lo4TsV7WzIXb2oSzXsTiOfTfU62y/uw0FGCFcKcaCKLjluH+z0dQMDOda4=","attempts":1,"totalRetryDelay":0},"Code":"NoSuchKey","Key":"stackMetadata/app.profi-shsst/stage.chakay/stack.chakay-profi-shsst-Site.json","RequestId":"X7P39C6EPZXAWP3S","HostId":"ySqmc5YGndqmWzzW3lo4TsV7WzIXb2oSzXsTiOfTfU62y/uw0FGCFcKcaCKLjluH+z0dQMDOda4=","message":"The specified key does not exist."}
2024-06-18T11:02:28.504Z     +1ms [debug] Created AWS client SSMClient
